D:\WinForm\r48_G2\Pt_Optimize.Tests\bin\Debug\net8.0-windows\Pt_Optimize.Tests.dll (.NETCoreApp,Version=v8.0)的测试运行
VSTest 版本 18.0.1 (x64)

正在启动测试执行，请稍候...
总共 1 个测试文件与指定模式相匹配。
[xUnit.net 00:00:00.00] xUnit.net VSTest Adapter v2.8.2+699d445a1a (64-bit .NET 8.0.28)
[xUnit.net 00:00:00.22]   Discovering: Pt_Optimize.Tests
[xUnit.net 00:00:00.30]   Discovered:  Pt_Optimize.Tests
[xUnit.net 00:00:00.30]   Starting:    Pt_Optimize.Tests
  已通过 PtOptimize.Tests.R48G2RampClampChannelGateTests.三_标定本体_合成网格与场 [84 ms]
  已通过 PtOptimize.Tests.R48G2RampClampChannelGateTests.二_舌片保温确实进了散热 [147 ms]
[xUnit.net 00:00:02.60]     PtOptimize.Tests.R48G2RampClampChannelGateTests.四_整线_导度取自本片场_两处同一份_舌保温取本片热解那一份 [FAIL]
[xUnit.net 00:00:02.60]       出口：峰值 3861 °C 已越过铂熔点 1768 °C —— **该解不存在**（不是「不够好」，是物理上不成立）
[xUnit.net 00:00:02.60]       Stack Trace:
[xUnit.net 00:00:02.60]         D:\WinForm\r48_G2\Pt_Optimize.Tests\R48G2RampClampChannelGateTests.cs(200,0): at PtOptimize.Tests.R48G2RampClampChannelGateTests.四_整线_导度取自本片场_两处同一份_舌保温取本片热解那一份()
[xUnit.net 00:00:02.60]            at System.RuntimeMethodHandle.InvokeMethod(Object target, Void** arguments, Signature sig, Boolean isConstructor)
[xUnit.net 00:00:02.60]            at System.Reflection.MethodBaseInvoker.InvokeWithNoArgs(Object obj, BindingFlags invokeAttr)
[xUnit.net 00:00:02.60]       Output:
[xUnit.net 00:00:02.60]         LineRunner.Run：2.0 s　Ok False　出口：峰值 3861 °C 已越过铂熔点 1768 °C —— **该解不存在**（不是「不够好」，是物理上不成立）
[xUnit.net 00:00:02.73]     PtOptimize.Tests.R48G2RampClampChannelGateTests.一_两节点稳态时发热等于表面加铜排减管来 [FAIL]
[xUnit.net 00:00:02.73]       没通道：法兰熔了，合成输入没选好
[xUnit.net 00:00:02.73]       Stack Trace:
[xUnit.net 00:00:02.73]         D:\WinForm\r48_G2\Pt_Optimize.Tests\R48G2RampClampChannelGateTests.cs(55,0): at PtOptimize.Tests.R48G2RampClampChannelGateTests.一_两节点稳态时发热等于表面加铜排减管来()
[xUnit.net 00:00:02.73]            at System.RuntimeMethodHandle.InvokeMethod(Object target, Void** arguments, Signature sig, Boolean isConstructor)
[xUnit.net 00:00:02.73]            at System.Reflection.MethodBaseInvoker.InvokeWithNoArgs(Object obj, BindingFlags invokeAttr)
[xUnit.net 00:00:02.73]       Output:
[xUnit.net 00:00:02.73]         有通道：40.00 h　管 967.03 °C　法兰 1422.06 °C　电流 1381.5 A　法兰 发热 1147.691 = 表面 521.121（圆盘 105.237 + 舌 415.883）+ 铜排 461.029（夹持 653.7 °C）− 管来 -165.541 + 热容 0.0000　管 发热 1506.906 = 散热 1672.447 + 管来 -165.541 + 热容 0.0000　注：限时 40 h 内管只升到 967.0 °C
[xUnit.net 00:00:02.73]         没通道：0.07 h　管 875.82 °C　法兰 1768.00 °C　电流 1381.5 A　法兰 发热 1300.544 = 表面 831.484（圆盘 172.377 + 舌 659.107）+ 铜排 0.000（夹持 非數值 °C）− 管来 -343.367 + 热容 125.6928　管 发热 1414.322 = 散热 1360.124 + 管来 -343.367 + 热容 397.5655　注：法兰在 4.4 min 处越过铂熔点（此时管温仅 876 °C）
  失败 PtOptimize.Tests.R48G2RampClampChannelGateTests.四_整线_导度取自本片场_两处同一份_舌保温取本片热解那一份 [2 s]
  错误消息:
   出口：峰值 3861 °C 已越过铂熔点 1768 °C —— **该解不存在**（不是「不够好」，是物理上不成立）
  堆栈跟踪:
     at PtOptimize.Tests.R48G2RampClampChannelGateTests.四_整线_导度取自本片场_两处同一份_舌保温取本片热解那一份() in D:\WinForm\r48_G2\Pt_Optimize.Tests\R48G2RampClampChannelGateTests.cs:line 200
   at System.RuntimeMethodHandle.InvokeMethod(Object target, Void** arguments, Signature sig, Boolean isConstructor)
   at System.Reflection.MethodBaseInvoker.InvokeWithNoArgs(Object obj, BindingFlags invokeAttr)
  标准输出消息:
 LineRunner.Run：2.0 s　Ok False　出口：峰值 3861 °C 已越过铂熔点 1768 °C —— **该解不存在**（不是「不够好」，是物理上不成立）


  失败 PtOptimize.Tests.R48G2RampClampChannelGateTests.一_两节点稳态时发热等于表面加铜排减管来 [130 ms]
  错误消息:
   没通道：法兰熔了，合成输入没选好
  堆栈跟踪:
     at PtOptimize.Tests.R48G2RampClampChannelGateTests.一_两节点稳态时发热等于表面加铜排减管来() in D:\WinForm\r48_G2\Pt_Optimize.Tests\R48G2RampClampChannelGateTests.cs:line 55
   at System.RuntimeMethodHandle.InvokeMethod(Object target, Void** arguments, Signature sig, Boolean isConstructor)
   at System.Reflection.MethodBaseInvoker.InvokeWithNoArgs(Object obj, BindingFlags invokeAttr)
  标准输出消息:
 有通道：40.00 h　管 967.03 °C　法兰 1422.06 °C　电流 1381.5 A　法兰 发热 1147.691 = 表面 521.121（圆盘 105.237 + 舌 415.883）+ 铜排 461.029（夹持 653.7 °C）− 管来 -165.541 + 热容 0.0000　管 发热 1506.906 = 散热 1672.447 + 管来 -165.541 + 热容 0.0000　注：限时 40 h 内管只升到 967.0 °C
 没通道：0.07 h　管 875.82 °C　法兰 1768.00 °C　电流 1381.5 A　法兰 发热 1300.544 = 表面 831.484（圆盘 172.377 + 舌 659.107）+ 铜排 0.000（夹持 非數值 °C）− 管来 -343.367 + 热容 125.6928　管 发热 1414.322 = 散热 1360.124 + 管来 -343.367 + 热容 397.5655　注：法兰在 4.4 min 处越过铂熔点（此时管温仅 876 °C）


[xUnit.net 00:00:07.50]   Finished:    Pt_Optimize.Tests
  已通过 PtOptimize.Tests.R48ClampRecipeTests.h_整线网格带整面接触与细带_集总参考量排除了压接格 [7 s]

测试运行失败。
测试总数: 5
     通过数: 3
     失败数: 2
总时间: 7.7523 秒
