D:\WinForm\r48_G2\Pt_Optimize.Tests\bin\Debug\net8.0-windows\Pt_Optimize.Tests.dll (.NETCoreApp,Version=v8.0)的测试运行
VSTest 版本 18.0.1 (x64)

正在启动测试执行，请稍候...
总共 1 个测试文件与指定模式相匹配。
D:\WinForm\r48_G2\Pt_Optimize.Tests\bin\Debug\net8.0-windows\Pt_Optimize.Tests.dll
[xUnit.net 00:00:00.00] xUnit.net VSTest Adapter v2.8.2+699d445a1a (64-bit .NET 8.0.28)
[xUnit.net 00:00:00.15]   Discovering: Pt_Optimize.Tests
[xUnit.net 00:00:00.53]   Discovered:  Pt_Optimize.Tests
[xUnit.net 00:00:00.54]   Starting:    Pt_Optimize.Tests
  已通过 PtOptimize.Tests.R48G2RampClampChannelGateTests.三_标定本体_合成网格与场 [411 ms]
  标准输出消息:
 定温、排除：经舌片流进铜排：稳态场里带走 200 W、法兰均温 1000 °C、夹持 450 °C ⇒ 导度 0.36 W/K　节点 960 格 40311.8 mm³　r 0.4359
 没有场：Ok False　本片没有稳态温度场，经舌片流进铜排的导度标定不了
 热为负：Ok False　经舌片流进铜排的导度标定不了：稳态场里夹持带走 -5.0 W、法兰均温 1000 °C、夹持 450 °C（要求带走的热不为负、法兰均温比夹持至少高 1 K）
 温差不足：Ok False　经舌片流进铜排的导度标定不了：稳态场里夹持带走 200.0 W、法兰均温 451 °C、夹持 450 °C（要求带走的热不为负、法兰均温比夹持至少高 1 K）
 夹持低于冷端：Ok False　升温期夹持温度的比例定不了：夹持 20 °C 不在铜排冷端 25 °C 与法兰均温 1000 °C 之间
 热稳定：NaN → ★ 经舌片流进铜排的导度从稳态场标定不出来 —— 无法判定（不按舌片几何另算一份）；0.7 → 夹持 0.7 裕度 18.324；不给 → 夹持 0.0400（舌片几何）


  已通过 PtOptimize.Tests.R48G2RampClampChannelGateTests.二_舌片保温确实进了散热 [657 ms]
  标准输出消息:
 700 °C：舌片区散热 裸 155.314 W（配方 155.314）　5 mm 100.641 W（配方 100.641）　圆盘 23.002 / 23.002 W
 1000 °C：舌片区散热 裸 351.754 W（配方 351.754）　5 mm 201.481 W（配方 201.481）　圆盘 48.300 / 48.300 W


  已通过 PtOptimize.Tests.R48G2RampClampChannelGateTests.四_整线_导度取自本片场_两处同一份_舌保温取本片热解那一份 [22 s]
  标准输出消息:
 LineRunner.Run：22.2 s　Ok True　
 最不利片 出口：经舌片流进铜排：稳态场里带走 189 W、法兰均温 1186 °C、夹持 450 °C ⇒ 导度 0.26 W/K　r 0.3660　节点 1006 格（排除压接格 True）　舌保温 0.3　热稳定夹持 0.25615441880400597（稳态场标定）
 判据表：热稳定 8.37929417733359　升温 88.7313102875163（峰值时 法兰 发热 570.2 表面 417.4 铜排 135.5 管来 -17.53 热容 -0.18 W）
 升温附注：现场升温方式（温控 20 K/h、空管）下「法兰温度 − 管温」的**全程最大值**，出现在 37.3 h、当时管温 770 °C；法兰峰值 1205 °C（铂熔点 1768）；电流 61→1209 A。★ 限值 215 是**现役基准**（用户 2026-08-25 确认「比较符合现状」），**不是通过线** —— 这一条现为参考量，要升硬判据得先有限值的出处（同「热稳定」当初的路子）。 ⚠ 判据 ① 用的 RampSolver 把法兰并进管子当同一个温度，「法兰比管热」在那个模型里结构性地看不见；本条用两节点模型补上。　⚠ 压接段压在铜排下，不算进法兰这一节点（发热、质量、散热面积都不含它）。　经舌片流进铜排的热按本片稳态场标定：稳态时带走 189 W、法兰均温 1186 °C、夹持 450 °C ⇒ 导度 0.26 W/K；升温期假设夹持温度随法兰温度按同一比例升（从铜排冷端 25 °C 起，稳态时回到 450 °C），铜排自身发热与热惯性没算。舌片区按本片舌保温（0.3 mm 保温）、圆盘按本片圆盘保温（20.0 mm 保温）算散热。模型已补铜排通道与舌片保温，待复核。
 热稳定附注：dQ_散热/dT ÷ dP_发热/dT，**须 > 1**；< 1 即正反馈失控（保温过头那条路）。　散热侧 表面 2.620 + 夹持 0.256（稳态场标定） + 管孔 2.386 = 5.263 W/K，发热侧 0.628 W/K　⚠ 现为**参考量**：限 1.0 是精确物理，但跨几何的量级还没攒够，攒够再升为硬判据（管 J 当年也是这么升上去的）。


[xUnit.net 00:00:24.83]   Finished:    Pt_Optimize.Tests
  已通过 PtOptimize.Tests.R48G2RampClampChannelGateTests.一_两节点稳态时发热等于表面加铜排减管来 [298 ms]
  标准输出消息:
 有通道：40.00 h　管 869.09 °C　法兰 621.64 °C　电流 1381.5 A　法兰 发热 227.069 = 表面 98.953（圆盘 18.217 + 舌 80.736）+ 铜排 196.892（夹持 293.5 °C）− 管来 68.776 + 热容 0.0000　管 发热 1407.352 = 散热 1338.576 + 管来 68.776 + 热容 0.0000　注：限时 40 h 内管只升到 869.1 °C
 没通道：40.00 h　管 917.87 °C　法兰 1046.76 °C　电流 1381.5 A　法兰 发热 316.194 = 表面 274.254（圆盘 53.325 + 舌 220.929）+ 铜排 0.000（夹持 非數值 °C）− 管来 -41.940 + 热容 0.0000　管 发热 1457.435 = 散热 1499.375 + 管来 -41.940 + 热容 0.0000　注：限时 40 h 内管只升到 917.9 °C



测试运行成功。
测试总数: 4
     通过数: 4
总时间: 27.5416 秒
