D:\WinForm\r48_G2\Pt_Optimize.Tests\bin\Debug\net8.0-windows\Pt_Optimize.Tests.dll (.NETCoreApp,Version=v8.0)的测试运行
VSTest 版本 18.0.1 (x64)

正在启动测试执行，请稍候...
总共 1 个测试文件与指定模式相匹配。
D:\WinForm\r48_G2\Pt_Optimize.Tests\bin\Debug\net8.0-windows\Pt_Optimize.Tests.dll
[xUnit.net 00:00:00.00] xUnit.net VSTest Adapter v2.8.2+699d445a1a (64-bit .NET 8.0.28)
[xUnit.net 00:00:00.20]   Discovering: Pt_Optimize.Tests
[xUnit.net 00:00:00.28]   Discovered:  Pt_Optimize.Tests
[xUnit.net 00:00:00.28]   Starting:    Pt_Optimize.Tests
  已通过 PtOptimize.Tests.R48G2RampClampChannelGateTests.六_界面附注_判不了要说原因_带号数不印负零 [45 ms]
  标准输出消息:
 Signed(-0, "+0.0;−0.0") = "+0.0"
 Signed(-0.01, "+0.0;−0.0") = "+0.0"
 Signed(-0.04, "+0.0;−0.0") = "+0.0"
 Signed(-1E-09, "+0.0;−0.0") = "+0.0"
 Signed(-0.004, "+0.00;−0.00") = "+0.00"
 Signed(-0.06, "+0.0;−0.0") = "−0.1"
 Signed(-3, "+0.0;−0.0") = "−3.0"
 Signed(0.01, "+0.0;−0.0") = "+0.0"
 Signed(2.5, "+0.0;−0.0") = "+2.5"
 Signed(-0.01, "0.0") = "0.0"
 判不了：dQ_散热/dT ÷ dP_发热/dT，**须 > 1**；< 1 即正反馈失控（保温过头那条路）。　★ 经舌片流进铜排的导度从稳态场标定不出来 —— 无法判定（不按舌片几何另算一份）；原因：本片没有带逐格发热与散热的稳态场，法兰节点标定不了。　⚠ 现为**参考量**：限 1.0 是精确物理，但跨几何的量级还没攒够，攒够再升为硬判据（管 J 当年也是这么升上去的）。
 标定成了：dQ_散热/dT ÷ dP_发热/dT，**须 > 1**；< 1 即正反馈失控（保温过头那条路）。　散热侧 表面 0.494 + 夹持 0.000（稳态场标定） + 管孔 4.080 = 4.575 W/K，发热侧 0.288 W/K　舌端没有接铜排，夹持这一项为 0。　⚠ 现为**参考量**：限 1.0 是精确物理，但跨几何的量级还没攒够，攒够再升为硬判据（管 J 当年也是这么升上去的）。
 定温标定成了：dQ_散热/dT ÷ dP_发热/dT，**须 > 1**；< 1 即正反馈失控（保温过头那条路）。　散热侧 表面 0.494 + 夹持 0.205（稳态场标定） + 管孔 4.080 = 4.780 W/K，发热侧 0.288 W/K　夹持导度 = 本片稳态场里流进铜排的热 ÷（法兰均温 − 夹持温度）× (1 − 夹持温度随法兰升的比例 0.44)，与升温那一行同一个夹持假设；这样按稳态带走的热 ÷ 温差算，把舌片自身发热直接流进铜排的那一份也算成了导热，当「温度每升 1 K 多带走多少热」用可能偏大 —— 改按舌片导热截面算（0.040 W/K），裕度为 16.03。　⚠ 现为**参考量**：限 1.0 是精确物理，但跨几何的量级还没攒够，攒够再升为硬判据（管 J 当年也是这么升上去的）。
 管孔标定不成：法兰节点标定不了：管孔：场里管孔流入 +0.0 W、管根 1150 °C、法兰均温 1000 °C —— 流向与温差反号或温差不足 1 K，整片一个温度表示不了这条热流（两节点模型的缺陷，不是对设计的判断）


  已通过 PtOptimize.Tests.InstallReportTests.导出时制表位表转成管道表 [52 ms]
  已通过 PtOptimize.Tests.InstallReportTests.十节齐全_有配套清单与逐片表 [< 1 ms]
  已通过 PtOptimize.Tests.InstallReportTests.判据没过时首行说不可作为安装依据 [< 1 ms]
  已通过 PtOptimize.Tests.R48G2RampClampChannelGateTests.一_积分跑到两节点稳态_恒等式只验积分到位 [166 ms]
  标准输出消息:
 有通道：40.00 h　管 869.09 °C　法兰 621.64 °C　电流 1381.5 A　法兰 发热 227.069 = 表面 98.953（圆盘 18.217 + 舌 80.736）+ 铜排 196.892（夹持 293.5 °C）− 管来 68.776 + 热容 0.0000　管 发热 1407.352 = 散热 1338.576 + 管来 68.776 + 热容 0.0000　注：限时 40 h 内管只升到 869.1 °C
 没通道：40.00 h　管 917.87 °C　法兰 1046.76 °C　电流 1381.5 A　法兰 发热 316.194 = 表面 274.254（圆盘 53.325 + 舌 220.929）+ 铜排 0.000（夹持 非數值 °C）− 管来 -41.940 + 热容 0.0000　管 发热 1457.435 = 散热 1499.375 + 管来 -41.940 + 热容 0.0000　注：限时 40 h 内管只升到 917.9 °C


  已通过 PtOptimize.Tests.R48G2RampClampChannelGateTests.五_场对账_标定点上模型逐项还原本片场的节点账 [7 s]
  标准输出消息:
 入口（最不利，生产输入）：节点 1006 格、均温 935.69 °C、管根 1099.55 °C、管节点 1170.55 °C　发热 模型 612.381600 ↔ 场 612.381600　表面 493.822200 ↔ 493.822200（κ 0.9973）　铜排 140.002207 ↔ 140.002207　管来 21.441385 ↔ 21.441385　热容吸收 -0.001422 ↔ 场残差 -0.001422（场残差上界 0.012321）　场收敛 True
 出口：节点 1006 格、均温 921.90 °C、管根 1089.25 °C、管节点 1174.30 °C　发热 模型 606.343830 ↔ 场 606.343830　表面 496.122481 ↔ 496.122481（κ 1.0401）　铜排 135.826831 ↔ 135.826831　管来 25.604035 ↔ 25.604035　热容吸收 -0.001447 ↔ 场残差 -0.001447（场残差上界 0.012200）　场收敛 True


  已通过 PtOptimize.Tests.R48G2RampClampChannelGateTests.三_标定本体_合成网格与合成逐格账 [75 ms]
  标准输出消息:
 定温、排除：法兰节点按本片稳态场标定：均温 945 °C、发热 403 W、表面散热 202 W、流进铜排 200 W、管孔流入 +15.0 W　节点 960 格 40311.8 mm³　G 0.4037　r 0.4618　R 1.3949E-004　孔侧 0.0733　残差 16.559
 标定点：管节点 1185.231 °C（管根 1150）　发热 403.118　表面 201.559　铜排 200.000　管来 15.000000　热容 16.559
 没有场：Ok False　铜排项 False　本片没有带逐格发热与散热的稳态场，法兰节点标定不了
 逐格账长度不对：Ok False　铜排项 False　本片没有带逐格发热与散热的稳态场，法兰节点标定不了
 铜排热为负：Ok False　铜排项 False　法兰节点标定不了：经舌片流进铜排：场里带走 -5.0 W、法兰均温 945 °C、夹持 450 °C（要求带走的热不为负、法兰均温比它至少高 1 K）
 均温不比夹持高 1 K：Ok False　铜排项 False　法兰节点标定不了：经舌片流进铜排：场里带走 200.0 W、法兰均温 451 °C、夹持 450 °C（要求带走的热不为负、法兰均温比它至少高 1 K）
 夹持低于冷端：Ok False　铜排项 False　法兰节点标定不了：升温期夹持温度的比例：夹持 20 °C 不在铜排冷端 25 °C 与法兰均温 945 °C 之间
 管孔流向与温差反号：Ok False　铜排项 True　法兰节点标定不了：管孔：场里管孔流入 −3.0 W、管根 1150 °C、法兰均温 945 °C —— 流向与温差反号或温差不足 1 K，整片一个温度表示不了这条热流（两节点模型的缺陷，不是对设计的判断）
 管根与均温差不足 1 K：Ok False　铜排项 True　法兰节点标定不了：管孔：场里管孔流入 +15.0 W、管根 946 °C、法兰均温 945 °C —— 流向与温差反号或温差不足 1 K，整片一个温度表示不了这条热流（两节点模型的缺陷，不是对设计的判断）
 没有电流：Ok False　铜排项 True　法兰节点标定不了：发热：节点发热 403.1 W、电流 0.0 A
 热稳定：NaN → ★ 经舌片流进铜排的导度从稳态场标定不出来 —— 无法判定（不按舌片几何另算一份）；0.7 → 夹持 0.7 裕度 18.324（几何 0.0400 ⇒ 16.031）；不给 → 夹持 0.0400（舌片几何）


  已通过 PtOptimize.Tests.R48G2RampClampChannelGateTests.二_舌片保温确实进了散热与热容_表面标定只乘系数 [423 ms]
  标准输出消息:
 700 °C：舌片区散热 裸 155.314 W（配方 155.314）　5 mm 100.641 W（配方 100.641）　圆盘 16.041 / 16.041 W
 1000 °C：舌片区散热 裸 351.754 W（配方 351.754）　5 mm 201.481 W（配方 201.481）　圆盘 32.114 / 32.114 W
 表面标定：κ 0.4224（舌 5 mm）、0.2687（舌裸）；900 °C 散热 80.000 W


  已通过 PtOptimize.Tests.R48G2RampClampChannelGateTests.四甲_整线_标定取自本片场_两处同一份_升温那一行判不了 [189 ms]
  标准输出消息:
 LineRunner.Run：7.6 s　Ok True　
 最不利片 入口：法兰节点按本片稳态场标定：均温 936 °C、发热 612 W、表面散热 494 W、流进铜排 140 W、管孔流入 +21.4 W　G 0.2883　r 0.4667　孔侧 0.1309　κ 0.9973　节点 1006 格　舌保温 0.4　热稳定夹持 0.15373203568532873（稳态场标定）
 判据表：热稳定 17.325272055184126（几何导度裕度 17.068936793581667）　升温 非數值 判不了 True（模型峰值 0.7328358857031638 K，不进表）
 升温附注：★ **暂不给数，待复核**：现场升温方式（温控 20 K/h、空管）下「法兰温度 − 管温」的全程最大值。两节点模型已补经舌片流进铜排的通道与舌片保温，法兰这一节点的发热、表面散热、流进铜排、经管孔与管子换热四项都按本片稳态场标定；但这四项只在稳态那一点上与温度场对得上，升温途中离开那一点就不保证准。而且这个法兰温度是整片（含越来越冷的舌片）按体积平均的温度，不代表片上最热处 —— 片上局部比管热时整片平均仍可能比管冷，这个数看不到局部的危险，复核前不可引用。也不与 215 K 比：那是旧模型（没有这条通道、舌片按裸铂）对现役设备算的基准。　压接段压在铜排下，不算进法兰这一节点。　本片稳态场：法兰均温 936 °C、发热 612 W、表面散热 494 W、流进铜排 140 W、管孔流入 +21.4 W（管根 1100 °C）；夹持 450 °C，升温期假设夹持温度随法兰温度按同一比例升（从铜排冷端 25 °C 起），铜排自身发热与热惯性没算；舌片区按 0.4 mm 保温、圆盘按 20.0 mm 保温算散热。
 热稳定附注：dQ_散热/dT ÷ dP_发热/dT，**须 > 1**；< 1 即正反馈失控（保温过头那条路）。　散热侧 表面 1.934 + 夹持 0.154（稳态场标定） + 管孔 4.049 = 6.136 W/K，发热侧 0.354 W/K　夹持导度 = 本片稳态场里流进铜排的热 ÷（法兰均温 − 夹持温度）× (1 − 夹持温度随法兰升的比例 0.47)，与升温那一行同一个夹持假设；这样按稳态带走的热 ÷ 温差算，把舌片自身发热直接流进铜排的那一份也算成了导热，当「温度每升 1 K 多带走多少热」用可能偏大 —— 改按舌片导热截面算（0.063 W/K），裕度为 17.07。　⚠ 现为**参考量**：限 1.0 是精确物理，但跨几何的量级还没攒够，攒够再升为硬判据（管 J 当年也是这么升上去的）。
 安装报告：升温期法兰−管峰值	—	215	K	参考（暂不给数）	入口　｜　整片热稳定	17.325	1	×	参考（不卡交付）	入口


[xUnit.net 00:00:15.78]   Finished:    Pt_Optimize.Tests
  已通过 PtOptimize.Tests.R48G2RampClampChannelGateTests.四乙_整线_记录模型缺陷_管孔流向与温差反号标定不了_界面暂不给数并说原因_热稳定仍判得了 [6 s]
  标准输出消息:
 LineRunner.Run（W08 一段，原样）：6.8 s　Ok True　
 最不利片 出口：管孔流入 -36.63 W　管根 1235.6 °C　法兰节点标定不了：管孔：场里管孔流入 −36.6 W、管根 1236 °C、法兰均温 1186 °C —— 流向与温差反号或温差不足 1 K，整片一个温度表示不了这条热流（两节点模型的缺陷，不是对设计的判断）　铜排项 True　G 0.2562　r 0.3660
 升温附注：★ **暂不给数，待复核**；本设计上还**算不出来**：法兰节点标定不了：管孔：场里管孔流入 −36.6 W、管根 1236 °C、法兰均温 1186 °C —— 流向与温差反号或温差不足 1 K，整片一个温度表示不了这条热流（两节点模型的缺陷，不是对设计的判断）　（两节点模型已补经舌片流进铜排的通道与舌片保温、按本片稳态场逐项标定，待复核；参考量，不卡交付；但算不出来就该说，不能装作没有这一条）
 热稳定附注：dQ_散热/dT ÷ dP_发热/dT，**须 > 1**；< 1 即正反馈失控（保温过头那条路）。　散热侧 表面 2.620 + 夹持 0.162（稳态场标定） + 管孔 2.386 = 5.169 W/K，发热侧 0.628 W/K　夹持导度 = 本片稳态场里流进铜排的热 ÷（法兰均温 − 夹持温度）× (1 − 夹持温度随法兰升的比例 0.37)，与升温那一行同一个夹持假设；这样按稳态带走的热 ÷ 温差算，把舌片自身发热直接流进铜排的那一份也算成了导热，当「温度每升 1 K 多带走多少热」用可能偏大 —— 改按舌片导热截面算（0.037 W/K），裕度为 8.03。　⚠ 现为**参考量**：限 1.0 是精确物理，但跨几何的量级还没攒够，攒够再升为硬判据（管 J 当年也是这么升上去的）。
 安装报告那一行：升温期法兰−管峰值	—	215	K	参考（暂不给数）	—



测试运行成功。
测试总数: 10
     通过数: 10
总时间: 16.0428 秒
