D:\WinForm\r48_G2\Pt_Optimize.Tests\bin\Debug\net8.0-windows\Pt_Optimize.Tests.dll (.NETCoreApp,Version=v8.0)的测试运行
VSTest 版本 18.0.1 (x64)

正在启动测试执行，请稍候...
总共 1 个测试文件与指定模式相匹配。
[xUnit.net 00:00:00.00] xUnit.net VSTest Adapter v2.8.2+699d445a1a (64-bit .NET 8.0.28)
[xUnit.net 00:00:00.20]   Discovering: Pt_Optimize.Tests
[xUnit.net 00:00:00.28]   Discovered:  Pt_Optimize.Tests
[xUnit.net 00:00:00.28]   Starting:    Pt_Optimize.Tests
  已通过 PtOptimize.Tests.R48G2RampClampChannelGateTests.六_界面附注_判不了要说原因_带号数不印负零 [31 ms]
  已通过 PtOptimize.Tests.R48G2RampClampChannelGateTests.一_积分跑到两节点稳态_恒等式只验积分到位 [164 ms]
  已通过 PtOptimize.Tests.R48G2RampClampChannelGateTests.五_场对账_标定点上模型逐项还原本片场的节点账 [7 s]
  已通过 PtOptimize.Tests.R48G2RampClampChannelGateTests.三_标定本体_合成网格与合成逐格账 [76 ms]
  已通过 PtOptimize.Tests.R48G2RampClampChannelGateTests.二_舌片保温确实进了散热与热容_表面标定只乘系数 [466 ms]
  已通过 PtOptimize.Tests.R48G2RampClampChannelGateTests.四甲_整线_标定取自本片场_两处同一份_升温那一行判不了 [245 ms]
[xUnit.net 00:00:15.81]   Finished:    Pt_Optimize.Tests
  已通过 PtOptimize.Tests.R48G2RampClampChannelGateTests.四乙_整线_记录模型缺陷_管孔流向与温差反号标定不了_界面暂不给数并说原因_热稳定仍判得了 [6 s]

测试运行成功。
测试总数: 7
     通过数: 7
总时间: 16.0855 秒
