D:\WinForm\r48_G2\Pt_Optimize.Tests\bin\Debug\net8.0-windows\Pt_Optimize.Tests.dll (.NETCoreApp,Version=v8.0)的测试运行
VSTest 版本 18.0.1 (x64)

正在启动测试执行，请稍候...
总共 1 个测试文件与指定模式相匹配。
[xUnit.net 00:00:01.72]     PtOptimize.Tests.HandoverGateCountTests.Handover_StatedTestCount_MatchesReality [FAIL]
  失败 PtOptimize.Tests.HandoverGateCountTests.Handover_StatedTestCount_MatchesReality [11 ms]
  错误消息:
   HANDOVER 说 dotnet test 应为 1068/1068，实际是 1076 条。改了测试就同步改文档 —— 别让接手的人以为是自己环境坏了
  堆栈跟踪:
     at PtOptimize.Tests.HandoverGateCountTests.Handover_StatedTestCount_MatchesReality() in D:\WinForm\r48_G2\Pt_Optimize.Tests\HandoverGateCountTests.cs:line 113
   at System.RuntimeMethodHandle.InvokeMethod(Object target, Void** arguments, Signature sig, Boolean isConstructor)
   at System.Reflection.MethodBaseInvoker.InvokeWithNoArgs(Object obj, BindingFlags invokeAttr)
[xUnit.net 00:00:13.26]     PtOptimize.Tests.R48ClampRecipeTests.h_整线网格带整面接触与细带_集总参考量排除了压接格 [FAIL]
  失败 PtOptimize.Tests.R48ClampRecipeTests.h_整线网格带整面接触与细带_集总参考量排除了压接格 [8 s]
  错误消息:
   Assert.NotNull() Failure: Value is null
  堆栈跟踪:
     at PtOptimize.Tests.R48ClampRecipeTests.h_整线网格带整面接触与细带_集总参考量排除了压接格() in D:\WinForm\r48_G2\Pt_Optimize.Tests\R48ClampRecipeTests.cs:line 491
   at System.RuntimeMethodHandle.InvokeMethod(Object target, Void** arguments, Signature sig, Boolean isConstructor)
   at System.Reflection.MethodBaseInvoker.InvokeWithNoArgs(Object obj, BindingFlags invokeAttr)
  标准输出消息:
 LineRunner.Run：8.4 s　Ok True　
 入口：单元 1306　压接格 300　记录：压接边界 x = -100 已落成节点；压接边界两侧各 6 mm 铺细步 2 mm
 出口：单元 1306　压接格 300　记录：压接边界 x = -100 已落成节点；压接边界两侧各 6 mm 铺细步 2 mm
 热稳定：判据表 8.230010407093426　排除 8.230010407093426　不排除 10.22666593711892
 升温法兰−管：判据表 非數值　排除 　不排除 



失败!  - 失败:     2，通过:   960，已跳过:     0，总计:   962，持续时间: 2 m 49 s - Pt_Optimize.Tests.dll (net8.0)
