D:\WinForm\r48_G2\Pt_Optimize.Tests\bin\Debug\net8.0-windows\Pt_Optimize.Tests.dll (.NETCoreApp,Version=v8.0)的测试运行
VSTest 版本 18.0.1 (x64)

正在启动测试执行，请稍候...
总共 1 个测试文件与指定模式相匹配。
D:\WinForm\r48_G2\Pt_Optimize.Tests\bin\Debug\net8.0-windows\Pt_Optimize.Tests.dll
[xUnit.net 00:00:00.00] xUnit.net VSTest Adapter v2.8.2+699d445a1a (64-bit .NET 8.0.28)
[xUnit.net 00:00:00.20]   Discovering: Pt_Optimize.Tests
[xUnit.net 00:00:00.29]   Discovered:  Pt_Optimize.Tests
[xUnit.net 00:00:00.29]   Starting:    Pt_Optimize.Tests
[xUnit.net 00:00:07.11]     PtOptimize.Tests.R48G2RampClampChannelGateTests.四_整线_标定取自本片场_两处同一份_升温那一行判不了 [FAIL]
[xUnit.net 00:00:07.11]       法兰节点标定不了：管孔：场里管孔流入 -36.6 W、管根 1236 °C、法兰均温 1186 °C —— 流向与温差反号或温差不足 1 K，整片一个温度表示不了这条热流
[xUnit.net 00:00:07.11]       Stack Trace:
[xUnit.net 00:00:07.11]         D:\WinForm\r48_G2\Pt_Optimize.Tests\R48G2RampClampChannelGateTests.cs(282,0): at PtOptimize.Tests.R48G2RampClampChannelGateTests.四_整线_标定取自本片场_两处同一份_升温那一行判不了()
[xUnit.net 00:00:07.11]            at System.RuntimeMethodHandle.InvokeMethod(Object target, Void** arguments, Signature sig, Boolean isConstructor)
[xUnit.net 00:00:07.11]            at System.Reflection.MethodBaseInvoker.InvokeWithNoArgs(Object obj, BindingFlags invokeAttr)
[xUnit.net 00:00:07.11]       Output:
[xUnit.net 00:00:07.11]         LineRunner.Run：6.8 s　Ok True　
[xUnit.net 00:00:07.11]         最不利片 出口：法兰节点标定不了：管孔：场里管孔流入 -36.6 W、管根 1236 °C、法兰均温 1186 °C —— 流向与温差反号或温差不足 1 K，整片一个温度表示不了这条热流　G 0.2562　r 0.3660　孔侧 非數值　κ 非數值　节点 1006 格　舌保温 0.3　热稳定夹持 0.1623915796097502（稳态场标定）
  失败 PtOptimize.Tests.R48G2RampClampChannelGateTests.四_整线_标定取自本片场_两处同一份_升温那一行判不了 [6 s]
  错误消息:
   法兰节点标定不了：管孔：场里管孔流入 -36.6 W、管根 1236 °C、法兰均温 1186 °C —— 流向与温差反号或温差不足 1 K，整片一个温度表示不了这条热流
  堆栈跟踪:
     at PtOptimize.Tests.R48G2RampClampChannelGateTests.四_整线_标定取自本片场_两处同一份_升温那一行判不了() in D:\WinForm\r48_G2\Pt_Optimize.Tests\R48G2RampClampChannelGateTests.cs:line 282
   at System.RuntimeMethodHandle.InvokeMethod(Object target, Void** arguments, Signature sig, Boolean isConstructor)
   at System.Reflection.MethodBaseInvoker.InvokeWithNoArgs(Object obj, BindingFlags invokeAttr)
  标准输出消息:
 LineRunner.Run：6.8 s　Ok True　
 最不利片 出口：法兰节点标定不了：管孔：场里管孔流入 -36.6 W、管根 1236 °C、法兰均温 1186 °C —— 流向与温差反号或温差不足 1 K，整片一个温度表示不了这条热流　G 0.2562　r 0.3660　孔侧 非數值　κ 非數值　节点 1006 格　舌保温 0.3　热稳定夹持 0.1623915796097502（稳态场标定）


[xUnit.net 00:00:07.24]     PtOptimize.Tests.R48G2RampClampChannelGateTests.五_场对账_标定点上模型逐项还原本片场的节点账 [FAIL]
[xUnit.net 00:00:07.24]       法兰节点标定不了：管孔：场里管孔流入 -36.6 W、管根 1236 °C、法兰均温 1186 °C —— 流向与温差反号或温差不足 1 K，整片一个温度表示不了这条热流法兰节点标定不了：管孔：场里管孔流入 -36.6 W、管根 1236 °C、法兰均温 1186 °C —— 流向与温差反号或温差不足 1 K，整片一个温度表示不了这条热流
[xUnit.net 00:00:07.24]       Stack Trace:
[xUnit.net 00:00:07.24]         D:\WinForm\r48_G2\Pt_Optimize.Tests\R48G2RampClampChannelGateTests.cs(355,0): at PtOptimize.Tests.R48G2RampClampChannelGateTests.五_场对账_标定点上模型逐项还原本片场的节点账()
[xUnit.net 00:00:07.24]            at System.RuntimeMethodHandle.InvokeMethod(Object target, Void** arguments, Signature sig, Boolean isConstructor)
[xUnit.net 00:00:07.24]            at System.Reflection.MethodBaseInvoker.InvokeWithNoArgs(Object obj, BindingFlags invokeAttr)
[xUnit.net 00:00:07.74]   Finished:    Pt_Optimize.Tests
  已通过 PtOptimize.Tests.R48G2RampClampChannelGateTests.一_积分跑到两节点稳态_恒等式只验积分到位 [135 ms]
  标准输出消息:
 有通道：40.00 h　管 869.09 °C　法兰 621.64 °C　电流 1381.5 A　法兰 发热 227.069 = 表面 98.953（圆盘 18.217 + 舌 80.736）+ 铜排 196.892（夹持 293.5 °C）− 管来 68.776 + 热容 0.0000　管 发热 1407.352 = 散热 1338.576 + 管来 68.776 + 热容 0.0000　注：限时 40 h 内管只升到 869.1 °C
 没通道：40.00 h　管 917.87 °C　法兰 1046.76 °C　电流 1381.5 A　法兰 发热 316.194 = 表面 274.254（圆盘 53.325 + 舌 220.929）+ 铜排 0.000（夹持 非數值 °C）− 管来 -41.940 + 热容 0.0000　管 发热 1457.435 = 散热 1499.375 + 管来 -41.940 + 热容 0.0000　注：限时 40 h 内管只升到 917.9 °C


  失败 PtOptimize.Tests.R48G2RampClampChannelGateTests.五_场对账_标定点上模型逐项还原本片场的节点账 [1 ms]
  错误消息:
   法兰节点标定不了：管孔：场里管孔流入 -36.6 W、管根 1236 °C、法兰均温 1186 °C —— 流向与温差反号或温差不足 1 K，整片一个温度表示不了这条热流法兰节点标定不了：管孔：场里管孔流入 -36.6 W、管根 1236 °C、法兰均温 1186 °C —— 流向与温差反号或温差不足 1 K，整片一个温度表示不了这条热流
  堆栈跟踪:
     at PtOptimize.Tests.R48G2RampClampChannelGateTests.五_场对账_标定点上模型逐项还原本片场的节点账() in D:\WinForm\r48_G2\Pt_Optimize.Tests\R48G2RampClampChannelGateTests.cs:line 355
   at System.RuntimeMethodHandle.InvokeMethod(Object target, Void** arguments, Signature sig, Boolean isConstructor)
   at System.Reflection.MethodBaseInvoker.InvokeWithNoArgs(Object obj, BindingFlags invokeAttr)
  已通过 PtOptimize.Tests.R48G2RampClampChannelGateTests.三_标定本体_合成网格与合成逐格账 [75 ms]
  标准输出消息:
 定温、排除：法兰节点按本片稳态场标定：均温 945 °C、发热 403 W、表面散热 202 W、流进铜排 200 W、管孔流入 +15.0 W　节点 960 格 40311.8 mm³　G 0.4037　r 0.4618　R 1.3949E-004　孔侧 0.0733　残差 16.559
 标定点：管节点 1185.231 °C（管根 1150）　发热 403.118　表面 201.559　铜排 200.000　管来 15.000000　热容 16.559
 没有场：Ok False　铜排项 False　本片没有带逐格发热与散热的稳态场，法兰节点标定不了
 逐格账长度不对：Ok False　铜排项 False　本片没有带逐格发热与散热的稳态场，法兰节点标定不了
 铜排热为负：Ok False　铜排项 False　法兰节点标定不了：经舌片流进铜排：场里带走 -5.0 W、法兰均温 945 °C、夹持 450 °C（要求带走的热不为负、法兰均温比它至少高 1 K）
 均温不比夹持高 1 K：Ok False　铜排项 False　法兰节点标定不了：经舌片流进铜排：场里带走 200.0 W、法兰均温 451 °C、夹持 450 °C（要求带走的热不为负、法兰均温比它至少高 1 K）
 夹持低于冷端：Ok False　铜排项 False　法兰节点标定不了：升温期夹持温度的比例：夹持 20 °C 不在铜排冷端 25 °C 与法兰均温 945 °C 之间
 管孔流向与温差反号：Ok False　铜排项 True　法兰节点标定不了：管孔：场里管孔流入 -3.0 W、管根 1150 °C、法兰均温 945 °C —— 流向与温差反号或温差不足 1 K，整片一个温度表示不了这条热流
 管根与均温差不足 1 K：Ok False　铜排项 True　法兰节点标定不了：管孔：场里管孔流入 +15.0 W、管根 946 °C、法兰均温 945 °C —— 流向与温差反号或温差不足 1 K，整片一个温度表示不了这条热流
 没有电流：Ok False　铜排项 True　法兰节点标定不了：发热：节点发热 403.1 W、电流 0.0 A
 热稳定：NaN → ★ 经舌片流进铜排的导度从稳态场标定不出来 —— 无法判定（不按舌片几何另算一份）；0.7 → 夹持 0.7 裕度 18.324（几何 0.0400 ⇒ 16.031）；不给 → 夹持 0.0400（舌片几何）


  已通过 PtOptimize.Tests.R48G2RampClampChannelGateTests.二_舌片保温确实进了散热与热容_表面标定只乘系数 [419 ms]
  标准输出消息:
 700 °C：舌片区散热 裸 155.314 W（配方 155.314）　5 mm 100.641 W（配方 100.641）　圆盘 16.041 / 16.041 W
 1000 °C：舌片区散热 裸 351.754 W（配方 351.754）　5 mm 201.481 W（配方 201.481）　圆盘 32.114 / 32.114 W
 表面标定：κ 0.4224（舌 5 mm）、0.2687（舌裸）；900 °C 散热 80.000 W



测试运行失败。
测试总数: 5
     通过数: 3
     失败数: 2
总时间: 8.0189 秒
